BiochemicalPathwayStep.h
BiochemicalReaction.h
BindingFeature.h
BioSource.h
Catalysis.h
CellVocabulary.h
CellularLocationVocabulary.h
ChemicalStructure.h
Complex.h
ComplexAssembly.h
Control.h
ControlledVocabulary.h
Conversion.h
CovalentBindingFeature.h
Degradation.h
DeltaG.h
Dna.h
DnaReference.h
DnaRegion.h
DnaRegionReference.h
Entity.h
EntityFeature.h
EntityReference.h
EntityReferenceTypeVocabulary.h
Event.h
Evidence.h
EvidenceCodeVocabulary.h
ExperimentalForm.h
ExperimentalFormVocabulary.h
FragmentFeature.h
Gene.h
GeneticInteraction.h
Interaction.h
InteractionVocabulary.h
KPrime.h
ModificationFeature.h
Modulation.h
MolecularInteraction.h
Pathway.h
PathwayStep.h
PhenotypeVocabulary.h
PhysicalEntity.h
Protein.h
ProteinReference.h
Provenance.h
PublicationXref.h
RelationshipTypeVocabulary.h
RelationshipXref.h
Rna.h
RnaReference.h
RnaRegion.h
RnaRegionReference.h
Score.h
SequenceInterval.h
SequenceLocation.h
SequenceModificationVocabulary.h
SequenceRegionVocabulary.h
SequenceSite.h
SmallMolecule.h
SmallMoleculeReference.h
Stoichiometry.h
Thing.h
TissueVocabulary.h
TemplateReaction.h
TemplateReactionRegulation.h
Transport.h
TransportWithBiochemicalReaction.h
UnificationXref.h
UtilityClass.h
Xref.h
