BindingFeature.h
BiochemicalPathwayStep.h
BiochemicalReaction.h
BioSource.h
Catalysis.h
CellularLocationVocabulary.h
CellVocabulary.h
ChemicalStructure.h
ComplexAssembly.h
Complex.h
Control.h
ControlledVocabulary.h
Conversion.h
CovalentBindingFeature.h
Degradation.h
DeltaG.h
Dna.h
DnaReference.h
DnaRegion.h
DnaRegionReference.h
EntityFeature.h
Entity.h
EntityReference.h
EntityReferenceTypeVocabulary.h
EvidenceCodeVocabulary.h
Evidence.h
ExperimentalForm.h
ExperimentalFormVocabulary.h
FragmentFeature.h
Gene.h
GeneticInteraction.h
Interaction.h
InteractionVocabulary.h
KPrime.h
ModificationFeature.h
Modulation.h
MolecularInteraction.h
Pathway.h
PathwayStep.h
PhenotypeVocabulary.h
PhysicalEntity.h
Protein.h
ProteinReference.h
Provenance.h
PublicationXref.h
RelationshipTypeVocabulary.h
RelationshipXref.h
Rna.h
RnaReference.h
RnaRegion.h
RnaRegionReference.h
Score.h
SequenceInterval.h
SequenceLocation.h
SequenceModificationVocabulary.h
SequenceRegionVocabulary.h
SequenceSite.h
SmallMolecule.h
SmallMoleculeReference.h
sources.cmake
Stoichiometry.h
TemplateReaction.h
TemplateReactionRegulation.h
Thing.h
TissueVocabulary.h
Transport.h
TransportWithBiochemicalReaction.h
UnificationXref.h
UtilityClass.h
Xref.h

AlgebraicRule.h
AssignmentRule.h
Constraint.h
DataMatrix.h
Delay.h
EventAssignment.h
Event.h
Experiment.h
FunctionDefinition.h
IdMapping.h
ImportSource.h
InitialAssignment.h
KineticLaw.h
LocalParameter.h
Math.h
Model.h
Parameter.h
Priority.h
RateRule.h
ResultObject.h
Rule.h
Sample.h
SBase.h
Series.h
sources.cmake
Trigger.h
UnitDefinition.h
Unit.h
UPBase.h
